[2026-04-08 08:11 UTC] ==================================================
[2026-04-08 08:11 UTC] AI TRADE SYSTEM — LIVE SIGNAL ENGINE
[2026-04-08 08:11 UTC] EMA7/30 · SMA99 · BOS/CHoCH/QM
[2026-04-08 08:11 UTC] ==================================================
[2026-04-08 08:11 UTC] ──────────────────────────────────────────────────
[2026-04-08 08:11 UTC] SCAN เริ่ม — 3 symbols
[2026-04-08 08:11 UTC]   BTC/USDT: no signal (L=2 S=0)
[2026-04-08 08:11 UTC]   ETH/USDT: no signal (L=4 S=0)
[2026-04-08 08:11 UTC]   SOL/USDT: no signal (L=2 S=0)
[2026-04-08 08:11 UTC] SCAN เสร็จ — พบ 0 signals
[2026-04-08 08:11 UTC] ไม่มี signal รอบนี้
[2026-04-08 08:28 UTC] ==================================================
[2026-04-08 08:28 UTC] AI TRADE SYSTEM — LIVE SIGNAL ENGINE
[2026-04-08 08:28 UTC] EMA7/30 · SMA99 · BOS/CHoCH/QM
[2026-04-08 08:28 UTC] ==================================================
[2026-04-08 08:28 UTC] ──────────────────────────────────────────────────
[2026-04-08 08:28 UTC] SCAN เริ่ม — 3 symbols
[2026-04-08 08:28 UTC]   BTC/USDT: no signal (L=2 S=0)
[2026-04-08 08:28 UTC]   ETH/USDT: no signal (L=4 S=0)
[2026-04-08 08:28 UTC]   SOL/USDT: no signal (L=2 S=0)
[2026-04-08 08:28 UTC] SCAN เสร็จ — พบ 0 signals
[2026-04-08 08:28 UTC] ไม่มี signal รอบนี้
